     1                                 %line 1+1 ast8procs.asm
     2                                 
     3                                 
     4                                 
     5                                 
     6                                 
     7                                 
     8                                 
     9                                 
    10                                 
    11                                 
    12                                 
    13                                 
    14                                 
    15                                 
    16                                 
    17                                 
    18                                 
    19                                 
    20                                 
    21                                 
    22                                 
    23                                 
    24                                 
    25                                 
    26                                 
    27                                 
    28                                 
    29                                 [section .data]
    30                                 
    31                                 
    32                                 
    33                                 
    34                                 TRUE equ 1
    35                                 FALSE equ 0
    36                                 
    37                                 
    38                                 
    39                                 
    40                                 
    41                                 
    42                                 
    43                                 
    44                                 
    45                                 
    46                                 
    47                                 
    48                                 [section .bss]
    49                                 
    50                                 
    51                                 
    52                                 
    53 00000000 <gap>                  qSum resq 1
    54 00000008 <gap>                  q2Sum resq 1
    55                                 
    56                                 
    57                                 
    58                                 
    59                                 [section .text]
    60                                 
    61                                 
    62                                 
    63                                 
    64                                 
    65                                 
    66                                 
    67                                 
    68                                 
    69                                 
    70                                 
    71                                 
    72                                 
    73                                 
    74                                 
    75                                 
    76                                 [global shellSort]
    77                                 shellSort:
    78                                 
    79 00000000 B801000000             mov eax, 1
    80 00000005 BB03000000             mov ebx, 3
    81 0000000A 49C7C000000000         mov r8, 0
    82 00000011 49C7C100000000         mov r9, 0
    83 00000018 49C7C200000000         mov r10, 0
    84 0000001F 49C7C300000000         mov r11, 0
    85                                 
    86                                 
    87                                 loop1:
    88 00000026 F7EB                    imul ebx
    89 00000028 FFC0                    inc eax
    90 0000002A 39F0                    cmp eax, esi
    91 0000002C 7CF6                    jl loop1
    92 0000002E FFC8                    dec eax
    93 00000030 99                      cdq
    94 00000031 F7FB                    idiv ebx
    95                                 
    96                                 
    97                                 loop2:
    98 00000033 83F800                 cmp eax, 0
    99 00000036 7E42                   jle done
   100                                 
   101                                 
   102                                 
   103 00000038 4189C0                 mov r8d, eax
   104 0000003B 41FFC8                 dec r8d
   105                                 
   106                                 loop3:
   107 0000003E 4139F0                  cmp r8d, esi
   108 00000041 7D32                    jge loop6
   109 00000043 4D89C2                  mov r10, r8
   110 00000046 468B0C97                mov r9d, dword[rdi+r10*4]
   111 0000004A 4589C3                  mov r11d, r8d
   112                                 
   113                                 
   114                                 loop4:
   115 0000004D 4139C3                  cmp r11d, eax
   116 00000050 7C17                    jl loop5
   117 00000052 4D89DA                  mov r10, r11
   118 00000055 4929C2                  sub r10, rax
   119 00000058 46390C97                cmp dword[rdi+r10*4], r9d
   120 0000005C 7D0B                    jge loop5
   121                                 
   122 0000005E 468B2497                mov r12d, dword[rdi+r10*4]
   123 00000062 4689249F                mov dword[rdi+r11*4], r12d
   124                                 
   125 00000066 4129C3                  sub r11d, eax
   126 00000069 EBE0                    jmp loop4
   127                                 
   128                                 
   129                                  loop5:
   130 0000006B 4D89DA                  mov r10, r11
   131 0000006E 46890C97                mov dword[rdi+r10*4], r9d
   132 00000072 41FFC0                  inc r8d
   133 00000075 EBC5                    jmp loop3
   134                                 
   135                                 
   136                                 loop6:
   137 00000077 99                     cdq
   138 00000078 F7FB                   idiv ebx
   139 0000007A EBB5                   jmp loop2
   140                                 done:
   141                                 
   142                                 
   143                                 
   144                                 
   145                                 
   146                                 
   147 0000007C C3                      ret
   148                                 
   149                                 
   150                                 
   151                                 
   152                                 
   153                                 
   154                                 
   155                                 
   156                                 
   157                                 
   158                                 
   159                                 
   160                                 
   161                                 
   162                                 
   163                                 
   164                                 
   165                                 
   166                                 
   167                                 
   168                                 
   169                                 
   170                                 
   171                                 
   172                                 
   173                                 
   174                                 
   175                                 
   176                                 
   177                                 
   178                                 
   179                                 [global basicStats]
   180                                 basicStats:
   181                                 
   182 0000007D 55                      push rbp
   183 0000007E 4889E5                  mov rbp, rsp
   184 00000081 4154                    push r12
   185                                 
   186                                 
   187 00000083 448B37                 mov r14d, dword[rdi]
   188 00000086 458930                 mov dword[r8], r14d
   189 00000089 448B74B7FC             mov r14d, dword[rdi+(rsi-1)*4]
   190 0000008E 448932                 mov dword[rdx], r14d
   191                                 
   192                                 
   193                                 
   194 00000091 4989D7                 mov r15, rdx
   195 00000094 41BE02000000           mov r14d, 2
   196 0000009A 89F0                   mov eax, esi
   197 0000009C 99                     cdq
   198 0000009D 41F7FE                 idiv r14d
   199 000000A0 49C7C500000000         mov r13,0
   200 000000A7 4189C5                 mov r13d, eax
   201 000000AA 83FA00                 cmp edx, 0
   202 000000AD 7403                   je evenMed
   203 000000AF 83FA01                 cmp edx,1
   204 000000B2 740D                   je oddMed
   205                                 
   206                                 evenMed:
   207 000000B4 428B04AF               mov eax, dword[rdi+(r13)*4]
   208 000000B8 420344AFFC             add eax, dword[rdi+(r13-1)*4]
   209 000000BD 99                     cdq
   210 000000BE 41F7FE                 idiv r14d
   211 000000C1 EB02                   jmp fin
   212                                 
   213                                 oddMed:
   214 000000C3 428B04AF               mov eax, dword[rdi+(r13)*4]
   215                                 
   216                                 fin:
   217 000000C7 8901                   mov dword[rcx], eax
   218 000000C9 4C89FA                 mov rdx, r15
   219                                 
   220                                 
   221 000000CC E816000000             call lstSum
   222 000000D1 418901                 mov dword[r9], eax
   223                                 
   224 000000D4 49C7C400000000         mov r12, 0
   225 000000DB E82B000000             call lstAve
   226 000000E0 4C8B6510               mov r12, qword[rbp+16]
   227 000000E4 41890424               mov dword[r12], eax
   228                                 
   229                                 
   230                                 
   231 000000E8 415C                    pop r12
   232 000000EA 5D                      pop rbp
   233 000000EB C3                      ret
   234                                 
   235                                 
   236                                 
   237                                 
   238                                 
   239                                 
   240                                 
   241                                 
   242                                 
   243                                 
   244                                 
   245                                 
   246                                 
   247                                 
   248                                 
   249                                 
   250                                 [global lstSum]
   251                                 lstSum:
   252                                 
   253                                 
   254                                 
   255                                 
   256 000000EC 55                      push rbp
   257 000000ED 4889E5                  mov rbp, rsp
   258 000000F0 4157                    push r15
   259                                 
   260 000000F2 49C7C700000000         mov r15, 0
   261 000000F9 48C7C000000000         mov rax, 0
   262                                 sumLstLoop:
   263 00000100 420304BF                add eax, dword[rdi+(r15*4)]
   264 00000104 41FFC7                  inc r15d
   265 00000107 4139F7                  cmp r15d, esi
   266 0000010A 75F2                    jne sumLstLoop
   267                                 
   268                                 
   269                                 
   270                                 
   271 0000010C 415F                    pop r15
   272 0000010E 5D                      pop rbp
   273 0000010F C3                      ret
   274                                 
   275                                 
   276                                 
   277                                 
   278                                 
   279                                 
   280                                 
   281                                 
   282                                 
   283                                 
   284                                 
   285                                 
   286                                 
   287                                 
   288                                 
   289                                 
   290                                 
   291                                 [global lstAve]
   292                                 lstAve:
   293 00000110 55                      push rbp
   294 00000111 4889E5                  mov rbp, rsp
   295 00000114 4154                    push r12
   296                                 
   297 00000116 4989D4                 mov r12, rdx
   298 00000119 E8C9FFFFFF             call lstSum
   299                                 
   300                                 
   301                                 
   302                                 
   303                                 
   304                                 
   305                                 
   306                                 
   307 0000011E 99                     cdq
   308 0000011F F7FE                   idiv esi
   309 00000121 4C89E2                 mov rdx, r12
   310                                 
   311 00000124 415C                    pop r12
   312                                 
   313 00000126 5D                      pop rbp
   314                                 
   315                                 
   316                                 
   317 00000127 C3                      ret
   318                                 
   319                                 
   320                                 
   321                                 
   322                                 
   323                                 
   324                                 
   325                                 
   326                                 
   327                                 
   328                                 
   329                                 
   330                                 
   331                                 
   332                                 
   333                                 
   334                                 
   335                                 
   336                                 
   337                                 
   338                                 
   339                                 
   340                                 
   341                                 [global linearRegression]
   342                                 linearRegression:
   343 00000128 55                      push rbp
   344 00000129 4889E5                  mov rbp, rsp
   345 0000012C 4889D3                  mov rbx, rdx
   346 0000012F 4154                    push r12
   347                                 
   348 00000131 48C70425[00000000]-    mov qword[qSum], 0
   349 00000131 00000000           
   350 0000013D 48C70425[00000000]-    mov qword[q2Sum], 0
   351 0000013D 00000000           
   352 00000149 49C7C700000000         mov r15, 0
   353 00000150 49C7C600000000         mov r14,0
   354 00000157 49C7C500000000         mov r13,0
   355 0000015E 49C7C300000000         mov r11,0
   356 00000165 4C8B6510               mov r12, qword[rbp+16]
   357 00000169 48C7C000000000         mov rax, 0
   358                                 
   359                                 linRegLoop:
   360 00000170 428B04BF                mov eax, dword[rdi+(r15*4)]
   361 00000174 4829C8                  sub rax, rcx
   362                                 
   363 00000177 468B2CBE                mov r13d, dword[rsi+(r15*4)]
   364 0000017B 4529C5                  sub r13d, r8d
   365                                 
   366 0000017E 41F7ED                  imul r13d
   367 00000181 4863C0                  movsxd rax, eax
   368 00000184 4989C6                  mov r14, rax
   369 00000187 4C013425[00000000]      add qword[qSum], r14
   370                                 
   371 0000018F 428B04BF                mov eax, dword[rdi+(r15*4)]
   372 00000193 4829C8                  sub rax, rcx
   373 00000196 48F7E8                  imul rax
   374 00000199 4989C3                  mov r11, rax
   375 0000019C 4C011C25[00000000]      add qword[q2Sum], r11
   376                                 
   377 000001A4 49FFC7                  inc r15
   378 000001A7 4139DF                  cmp r15d, ebx
   379 000001AA 75C2                    jne linRegLoop
   380                                 
   381 000001AC 488B0425[00000000]      mov rax, qword[qSum]
   382 000001B4 4899                    cqo
   383 000001B6 4C8B1C25[00000000]      mov r11,qword[q2Sum]
   384 000001BE 49F7FB                  idiv r11
   385 000001C1 45893424                mov dword[r12], r14d
   386                                 
   387 000001C5 48F7E9                  imul rcx
   388 000001C8 4189C7                  mov r15d, eax
   389 000001CB 4489C0                  mov eax,r8d
   390 000001CE 4429F8                  sub eax, r15d
   391 000001D1 418901                  mov dword[r9], eax
   392                                 
   393                                 
   394                                 
   395 000001D4 4889DA                  mov rdx, rbx
   396 000001D7 415C                    pop r12
   397 000001D9 5D                      pop rbp
   398                                 
   399                                 
   400                                 
   401                                 
   402                                 
   403                                 
   404                                 
   405                                 
   406                                 
   407                                 
   408                                 
   409                                 
   410                                 
   411                                 
   412                                 
   413                                 
   414                                 
   415                                 
   416                                 
   417                                 
   418                                 
   419                                 
   420                                 
   421                                 
   422                                 
   423                                 
   424                                 
   425                                 
   426                                 
   427                                 
   428                                 
   429                                 
   430                                 
   431                                 
   432                                 
   433                                 
   434                                 
   435                                 
   436                                 
   437                                 
   438                                 
   439                                 
   440                                 
   441                                 
   442                                 
   443                                 
   444                                 
   445                                 
   446                                 
   447                                 
   448                                 
   449                                 
   450                                 
   451                                 
   452                                 
   453                                 
   454                                 
   455 000001DA C3                      ret
   456                                 
   457                                 
